functions/src/collaborators/disableCollaborator.ts(33,35): error TS2349: This expression is not callable.
  Type 'Boolean' has no call signatures.
src/app/expedicao/entradas/components/ViewEntryForm.tsx(18,30): error TS2305: Module '"./EditEntryForm"' has no exported member 'EditFormHandle'.
src/app/rh/cadastros/colaboradores/components/ViewAndEditCollaborator.tsx(152,19): error TS2345: Argument of type '{ dataNascimento: Date; dataAdmissao: Date; diasExperiencia: any; id: string; nomeCompleto: string; cpf: string; email: string; funcao: string; status: "ativo" | "inativo"; organizationId: string; }' is not assignable to parameter of type '{ email: string; telefone: string; nomeCompleto: string; cpf: string; funcao: "admin" | "gestor" | "escritorio" | "encarregado" | "montador"; rg: string; dataNascimento: Date; nomeMae: string; ... 30 more ...; profileImageUrl?: string | ... 1 more ... | undefined; } | { ...; } | ResetAction<...> | undefined'.
  Type '{ dataNascimento: Date; dataAdmissao: Date; diasExperiencia: any; id: string; nomeCompleto: string; cpf: string; email: string; funcao: string; status: "ativo" | "inativo"; organizationId: string; }' is not assignable to type '{ email: string; telefone: string; nomeCompleto: string; cpf: string; funcao: "admin" | "gestor" | "escritorio" | "encarregado" | "montador"; rg: string; dataNascimento: Date; nomeMae: string; ... 30 more ...; profileImageUrl?: string | ... 1 more ... | undefined; } | { ...; } | ResetAction<...>'.
    Type '{ dataNascimento: Date; dataAdmissao: Date; diasExperiencia: any; id: string; nomeCompleto: string; cpf: string; email: string; funcao: string; status: "ativo" | "inativo"; organizationId: string; }' is not assignable to type '{ email?: string | undefined; telefone?: string | undefined; nomeCompleto?: string | undefined; cpf?: string | undefined; funcao?: "admin" | "gestor" | "escritorio" | "encarregado" | "montador" | undefined; ... 33 more ...; profileImageUrl?: string | ... 1 more ... | undefined; }'.
      Types of property 'funcao' are incompatible.
        Type 'string' is not assignable to type '"admin" | "gestor" | "escritorio" | "encarregado" | "montador" | undefined'.
src/app/rh/cadastros/colaboradores/components/ViewAndEditCollaborator.tsx(192,17): error TS2322: Type 'string | null | undefined' is not assignable to type 'string | null'.
  Type 'undefined' is not assignable to type 'string | null'.
src/app/rh/cadastros/colaboradores/components/ViewAndEditCollaborator.tsx(385,4134): error TS2322: Type '{ disabled: boolean; max: number; min: number; onChange: (e: ChangeEvent<HTMLInputElement>) => void; onBlur: Noop; value: number | null | undefined; name: "diasExperiencia"; ref: RefCallBack; type: "number"; }' is not assignable to type 'Omit<DetailedHTMLProps<InputHTMLAttributes<HTMLInputElement>, HTMLInputElement>, "ref">'.
  Types of property 'value' are incompatible.
    Type 'number | null | undefined' is not assignable to type 'string | number | readonly string[] | undefined'.
      Type 'null' is not assignable to type 'string | number | readonly string[] | undefined'.
src/components/ui/calendar.tsx(117,45): error TS2322: Type 'string | number | readonly string[] | undefined' is not assignable to type 'Key | null | undefined'.
  Type 'readonly string[]' is not assignable to type 'Key | null | undefined'.
src/components/ui/responsive-date-picker.tsx(51,13): error TS2322: Type '(newDate: Date | undefined) => void' is not assignable to type 'SelectRangeEventHandler'.
  Types of parameters 'newDate' and 'range' are incompatible.
    Type 'DateRange | undefined' is not assignable to type 'Date | undefined'.
      Type 'DateRange' is missing the following properties from type 'Date': toDateString, toTimeString, toLocaleDateString, toLocaleTimeString, and 37 more.
src/components/ui/responsive-date-picker.tsx(72,13): error TS2322: Type '(newDate: Date | undefined) => void' is not assignable to type 'SelectRangeEventHandler'.
  Types of parameters 'newDate' and 'range' are incompatible.
    Type 'DateRange | undefined' is not assignable to type 'Date | undefined'.
      Type 'DateRange' is missing the following properties from type 'Date': toDateString, toTimeString, toLocaleDateString, toLocaleTimeString, and 37 more.
